1790415370 0.65 1.13 1.80 gpu 0,17183
1790415381 3.38 1.70 1.98 gpu 0,17183
1790415391 2.86 1.64 1.96 gpu 0,17183
1790415401 2.42 1.59 1.94 gpu 0,17183
1790415411 2.05 1.53 1.92 gpu 0,17183
1790415422 1.73 1.48 1.90 gpu 0,17183
1790415432 1.46 1.43 1.88 gpu 0,17183
1790415442 1.24 1.39 1.85 gpu 0,17183
1790415452 1.80 1.50 1.89 gpu 0,17183
1790415464 2.89 1.75 1.96 gpu 0,17183
1790415475 2.81 1.77 1.97 gpu 0,17183
1790415485 2.38 1.71 1.95 gpu 0,17183
1790415495 2.02 1.65 1.92 gpu 0,17183
1790415506 2.99 1.86 1.99 gpu 0,17183
1790415516 2.53 1.80 1.97 gpu 0,17183
1790415526 2.14 1.74 1.95 gpu 0,17183
1790415537 1.81 1.68 1.92 gpu 0,17183
1790415548 2.56 1.87 1.98 gpu 0,17183
1790415558 2.17 1.81 1.96 gpu 0,17183
1790415568 1.83 1.75 1.94 gpu 0,17183
