1790412301 0.16 0.10 0.11 gpu 0,17183
1790412311 0.29 0.13 0.12 gpu 0,17183
1790412321 2.24 0.55 0.26 gpu 0,17183
1790412331 3.90 0.96 0.39 gpu 0,17183
1790412341 5.38 1.37 0.53 gpu 0,17183
1790412351 6.31 1.71 0.65 gpu 0,17183
1790412361 5.34 1.65 0.64 gpu 0,17183
1790412371 4.52 1.60 0.64 gpu 0,17183
1790412381 3.82 1.54 0.63 gpu 0,17183
1790412391 3.23 1.49 0.62 gpu 0,17183
1790412402 2.74 1.44 0.62 gpu 0,17183
1790412412 2.32 1.39 0.61 gpu 0,17183
1790412422 1.96 1.35 0.60 gpu 0,17183
1790412432 1.66 1.30 0.60 gpu 0,17183
1790412442 1.40 1.26 0.59 gpu 0,17183
1790412452 2.62 1.52 0.68 gpu 0,17183
1790412462 2.21 1.47 0.67 gpu 0,17183
1790412472 1.87 1.42 0.66 gpu 0,17183
1790412482 1.58 1.37 0.66 gpu 0,17183
1790412492 2.70 1.61 0.74 gpu 0,17183
1790412502 2.28 1.55 0.73 gpu 0,17183
1790412512 1.93 1.50 0.72 gpu 0,17183
1790412522 1.63 1.45 0.72 gpu 0,17183
1790412533 2.74 1.69 0.80 gpu 0,17183
1790412543 2.31 1.63 0.79 gpu 0,17183
1790412553 1.96 1.58 0.78 gpu 0,17183
1790412563 1.66 1.52 0.77 gpu 0,17183
1790412573 2.58 1.73 0.85 gpu 0,17183
1790412583 2.18 1.68 0.84 gpu 0,17183
1790412593 1.85 1.62 0.83 gpu 0,17183
1790412603 2.84 1.83 0.91 gpu 0,17183
1790412613 2.41 1.77 0.90 gpu 0,17183
1790412623 2.04 1.71 0.89 gpu 0,17183
1790412633 1.72 1.66 0.88 gpu 0,17183
1790412644 2.81 1.88 0.96 gpu 0,17183
1790412654 3.56 2.08 1.04 gpu 0,17183
1790412664 3.01 2.01 1.02 gpu 0,17183
1790412674 2.55 1.95 1.01 gpu 0,17183
1790412684 2.16 1.88 1.00 gpu 0,17183
1790412694 1.82 1.82 0.99 gpu 0,17183
1790412704 1.54 1.76 0.98 gpu 0,17183
1790412714 1.53 1.75 0.99 gpu 0,17183
1790412724 2.48 1.95 1.06 gpu 0,17183
1790412734 2.09 1.89 1.05 gpu 0,17183
1790412744 1.77 1.83 1.04 gpu 0,17183
1790412754 2.78 2.03 1.11 gpu 0,17183
1790412765 2.43 1.98 1.10 gpu 0,17183
1790412775 2.05 1.91 1.09 gpu 0,17183
1790412785 1.74 1.85 1.08 gpu 0,17183
1790412795 2.65 2.05 1.15 gpu 0,17183
1790412805 2.24 1.98 1.14 gpu 0,17183
1790412815 1.97 1.93 1.13 gpu 0,17183
1790412825 1.97 1.94 1.15 gpu 0,17183
1790412835 1.67 1.87 1.13 gpu 0,17183
1790412845 1.41 1.81 1.12 gpu 0,17183
1790412855 1.28 1.77 1.11 gpu 0,17183
1790412865 1.23 1.74 1.11 gpu 0,17183
1790412875 2.48 1.98 1.20 gpu 0,17183
1790412886 4.95 2.53 1.38 gpu 0,17183
1790412896 6.73 2.99 1.54 gpu 0,17183
1790412906 7.79 3.34 1.67 gpu 0,17183
1790412916 8.65 3.67 1.80 gpu 0,17183
1790412926 7.32 3.55 1.78 gpu 0,17183
1790412936 6.19 3.43 1.76 gpu 0,17183
1790412946 5.24 3.32 1.74 gpu 0,17183
1790412956 4.43 3.21 1.72 gpu 0,17183
1790412966 3.75 3.10 1.70 gpu 0,17183
1790412976 3.17 3.00 1.69 gpu 0,17183
1790412986 2.77 2.92 1.67 gpu 0,17183
1790412996 2.34 2.82 1.65 gpu 0,17183
1790413006 1.98 2.73 1.64 gpu 0,17183
1790413016 2.85 2.90 1.70 gpu 0,17183
1790413026 2.42 2.80 1.68 gpu 0,17183
1790413036 2.04 2.71 1.67 gpu 0,17183
1790413046 3.01 2.89 1.73 gpu 0,17183
1790413056 2.55 2.79 1.72 gpu 0,17183
1790413067 2.15 2.70 1.70 gpu 0,17183
1790413077 1.82 2.61 1.68 gpu 0,17183
1790413087 2.72 2.79 1.75 gpu 0,17183
1790413097 2.30 2.69 1.73 gpu 0,17183
1790413107 1.95 2.60 1.71 gpu 0,17183
1790413117 1.88 2.57 1.71 gpu 0,17183
1790413127 2.62 2.71 1.76 gpu 0,17183
1790413137 2.22 2.62 1.74 gpu 0,17183
1790413147 1.88 2.53 1.72 gpu 0,17183
1790413158 1.67 2.47 1.71 gpu 0,17183
1790413168 2.77 2.67 1.78 gpu 0,17183
1790413178 2.34 2.58 1.76 gpu 0,17183
1790413188 1.98 2.49 1.74 gpu 0,17183
1790413198 1.68 2.41 1.72 gpu 0,17183
1790413208 2.67 2.61 1.80 gpu 0,17183
1790413218 2.26 2.52 1.78 gpu 0,17183
1790413228 1.91 2.44 1.76 gpu 0,17183
1790413845 0.22 0.39 0.93 gpu 0,17183
1790413855 0.34 0.41 0.93 gpu 0,17183
1790413865 9.09 2.22 1.51 gpu 0,17183
1790413875 16.32 4.05 2.11 gpu 0,17183
1790413885 25.43 6.44 2.91 gpu 0,17183
1790413895 30.85 8.27 3.55 gpu 0,17183
1790413905 27.07 8.21 3.58 gpu 0,17183
1790413915 22.91 7.94 3.54 gpu 0,17183
1790413925 19.38 7.68 3.50 gpu 0,17183
1790413935 16.40 7.43 3.47 gpu 0,17183
1790413945 13.88 7.18 3.43 gpu 0,17183
1790413955 11.83 6.96 3.40 gpu 0,17183
1790413965 10.01 6.73 3.36 gpu 0,17183
1790413975 8.47 6.51 3.32 gpu 0,17183
1790413985 7.17 6.30 3.29 gpu 0,17183
1790413995 6.06 6.09 3.25 gpu 0,17183
1790414006 5.13 5.89 3.22 gpu 0,17183
1790414016 4.42 5.71 3.19 gpu 0,17183
1790414026 3.74 5.52 3.15 gpu 0,17183
1790414036 3.17 5.34 3.12 gpu 0,17183
1790414046 2.68 5.16 3.08 gpu 0,17183
1790414056 2.27 4.99 3.05 gpu 0,17183
1790414066 1.92 4.83 3.02 gpu 0,17183
1790414076 1.62 4.67 2.98 gpu 0,17183
1790414086 1.37 4.51 2.95 gpu 0,17183
1790414096 3.71 4.88 3.10 gpu 0,17183
1790414106 3.14 4.72 3.06 gpu 0,17183
1790414116 2.66 4.56 3.03 gpu 0,17183
1790414126 2.25 4.41 3.00 gpu 0,17183
1790414136 1.90 4.27 2.96 gpu 0,17183
1790414146 1.61 4.12 2.93 gpu 0,17183
1790414156 1.52 4.02 2.91 gpu 0,17183
1790414166 4.25 4.50 3.08 gpu 0,17183
1790414177 3.60 4.35 3.05 gpu 0,17183
1790414187 3.04 4.21 3.01 gpu 0,17183
1790414197 2.58 4.07 2.98 gpu 0,17183
1790414207 2.18 3.94 2.95 gpu 0,17183
1790414217 1.84 3.81 2.91 gpu 0,17183
1790414227 1.56 3.68 2.88 gpu 0,17183
1790414237 2.84 3.87 2.95 gpu 0,17183
1790414247 2.40 3.75 2.92 gpu 0,17183
1790414257 2.03 3.62 2.89 gpu 0,17183
1790414267 1.72 3.50 2.86 gpu 0,17183
1790414277 1.46 3.39 2.83 gpu 0,17183
1790414287 1.38 3.31 2.81 gpu 0,17183
1790414298 2.88 3.57 2.90 gpu 0,17183
1790414308 2.44 3.46 2.87 gpu 0,17183
1790414318 2.06 3.34 2.84 gpu 0,17183
1790414328 1.83 3.25 2.81 gpu 0,17183
1790414338 3.46 3.57 2.92 gpu 0,17183
1790414348 2.93 3.45 2.89 gpu 0,17183
1790414358 2.48 3.33 2.86 gpu 0,17183
1790414368 2.17 3.24 2.83 gpu 0,17183
1790414378 1.91 3.15 2.81 gpu 0,17183
1790414388 1.62 3.04 2.78 gpu 0,17183
1790414398 1.37 2.94 2.75 gpu 0,17183
1790414409 1.69 2.96 2.75 gpu 0,17183
1790414419 3.05 3.22 2.84 gpu 0,17183
1790414429 2.58 3.12 2.81 gpu 0,17183
1790414439 2.18 3.01 2.78 gpu 0,17183
1790414449 1.85 2.91 2.75 gpu 0,17183
1790414459 1.56 2.82 2.72 gpu 0,17183
1790414469 1.32 2.72 2.69 gpu 0,17183
1790414479 1.28 2.67 2.67 gpu 0,17183
1790414489 1.30 2.63 2.66 gpu 0,17183
1790414499 6.31 3.67 3.00 gpu 0,17183
1790414509 5.34 3.55 2.97 gpu 0,17183
1790414519 4.52 3.43 2.94 gpu 0,17183
1790414529 3.82 3.32 2.90 gpu 0,17183
1790414539 3.23 3.21 2.87 gpu 0,17183
1790414550 2.74 3.11 2.84 gpu 0,17183
1790414560 2.31 3.00 2.81 gpu 0,17183
1790414570 1.96 2.90 2.78 gpu 0,17183
1790414580 1.66 2.81 2.75 gpu 0,17183
1790414590 1.40 2.71 2.72 gpu 0,17183
1790414600 2.51 2.92 2.79 gpu 0,17183
1790414610 2.13 2.82 2.76 gpu 0,17183
1790414620 1.80 2.73 2.73 gpu 0,17183
1790414630 3.20 2.99 2.81 gpu 0,17183
1790414641 4.26 3.26 2.90 gpu 0,17183
1790414652 3.60 3.15 2.87 gpu 0,17183
1790414662 3.05 3.05 2.84 gpu 0,17183
1790414672 2.58 2.95 2.81 gpu 0,17183
1790414682 2.18 2.85 2.78 gpu 0,17183
1790414692 1.85 2.75 2.75 gpu 0,17183
1790414702 1.64 2.68 2.72 gpu 0,17183
1790414713 4.59 3.26 2.91 gpu 0,17183
