1a	320.0	95.0	9.5	414.3	33.0	4.2	0.348	default 3
1b	100.0	51.0	10.5	169.4	3.4	1.3	0.066	default 4
1c	170.0	76.0	45.0	427.4	17.9	4.6	0.235	default 5
1d	203.0	61.0	10.5	210.1	4.7	1.6	0.078	default 4
2a	665.0	327.0	84.5	765.7	68.8	25.5	0.210	default 4
2b	646.0	398.0	67.0	658.9	74.9	35.4	0.188	default 4
2c	258.0	109.0	41.5	295.0	5.3	3.8	0.048	default 4
2d	740.0	406.0	58.5	911.9	108.1	12.3	0.266	default 4
3a	3914.0	1672.0	268.0	2797.1	132.0	55.7	0.079	default 3
3b	1663.0	469.0	44.5	795.9	20.0	15.8	0.043	default 3
3c	1909.0	869.0	54.5	2258.0	103.0	18.3	0.119	default 3
4a	539.0	276.0	62.0	504.2	14.0	19.2	0.051	default 4
4b	270.0	120.0	41.5	407.0	15.8	10.4	0.132	default 4
4c	544.0	352.0	116.5	616.2	22.2	25.9	0.063	default 4
5a	281.0	123.0	64.0	333.1	7.1	2.6	0.058	default 6
5b	2448.0	632.0	103.5	272.1	7.4	5.2	0.012	default 6
5c	1749.0	782.0	90.0	2018.1	32.8	8.6	0.042	default 6
6a	1061.0	438.0	82.5	1176.4	59.3	29.1	0.135	default 4
6b	489.0	292.0	45.5	849.5	51.6	10.0	0.177	default 4
6c	564.0	183.0	30.0	769.1	6.8	6.8	0.037	default 4
6d	643.0	396.0	30.0	1149.4	51.0	14.1	0.129	default 4
6e	645.0	230.0	26.0	1064.2	46.6	16.1	0.202	default 4
6f	1399.0	880.0	96.0	3756.5	485.3	40.5	0.552	default 4
7a	303.0	104.0	15.5	912.1	12.6	3.8	0.121	default 7
7b	219.0	117.0	15.0	759.2	8.2	4.5	0.070	default 7
7c	1078.0	301.0	130.5	1188.1	414.1	163.9	1.376	default 7
8a	421.0	145.0	30.5	1187.5	69.7	12.5	0.481	default 7
8b	422.0	140.0	19.0	659.7	36.9	8.0	0.264	default 6
8c	1189.0	915.0	56.0	2220.0	788.9	379.6	0.862	default 6
8d	691.0	318.0	53.5	905.7	495.2	64.3	1.557	default 6
9a	855.0	374.0	126.0	1906.8	46.0	13.4	0.123	default 7
9b	679.0	267.0	58.5	1588.9	39.9	6.1	0.150	default 8
9c	717.0	446.0	79.0	2156.1	87.6	25.3	0.196	default 7
9d	1019.0	607.0	102.5	2514.0	802.7	77.0	1.322	default 7
10a	486.0	147.0	6.5	1418.2	53.1	8.5	0.361	default 6
10b	360.0	148.0	30.0	894.8	32.3	11.5	0.218	default 6
10c	1050.0	517.0	99.0	1702.9	951.7	145.0	1.841	default 7
11a	160.0	54.0	5.0	769.2	21.6	9.2	0.401	default 8
11b	111.0	55.0	11.5	413.8	24.4	5.8	0.443	default 7
11c	177.0	89.0	21.5	617.4	46.1	10.6	0.518	default 8
11d	197.0	132.0	30.5	622.5	101.7	9.9	0.770	default 8
12a	386.0	207.0	14.5	730.8	32.0	2.0	0.155	default 7
12b	541.0	212.0	94.5	457.9	84.4	4.0	0.398	default 8
12c	481.0	206.0	52.5	705.7	62.3	5.5	0.303	default 7
13a	346.0	204.0	76.5	1467.7	185.4	33.5	0.909	default 8
13b	603.0	393.0	92.0	719.3	38.0	14.5	0.097	default 8
13c	479.0	371.0	91.0	381.0	29.5	11.2	0.079	default 8
13d	682.0	488.0	57.0	1323.0	899.8	395.6	1.844	default 8
14a	623.0	389.0	100.5	656.9	25.8	10.6	0.066	default 8
14b	282.0	159.0	25.0	648.6	54.5	7.0	0.343	default 7
14c	513.0	274.0	55.0	966.2	60.6	24.9	0.221	default 7
15a	545.0	208.0	191.5	1143.2	33.8	16.4	0.163	default 9
15b	735.0	156.0	34.0	608.0	20.8	48.8	0.133	default 9
15c	970.0	792.0	558.0	587.4	29.3	10.6	0.037	default 9
15d	886.0	501.0	185.0	701.3	40.7	11.3	0.081	default 9
16a	530.0	196.0	27.0	1266.2	22.6	6.0	0.115	default 7
16b	2398.0	1140.0	265.5	4314.5	1721.3	168.0	1.510	default 7
16c	1212.0	444.0	121.0	2341.2	193.1	29.0	0.435	default 7
16d	916.0	398.0	67.5	2822.1	168.5	42.6	0.423	default 7
17a	1229.0	573.0	144.5	2886.9	393.4	37.0	0.687	default 6
17b	1984.0	1036.0	269.0	3235.9	832.5	200.0	0.804	default 6
17c	1717.0	979.0	186.0	2262.0	106.2	46.4	0.109	default 6
17d	1481.0	993.0	99.0	3863.2	875.4	139.7	0.882	default 6
17e	3281.0	1901.0	113.5	4138.0	1063.6	91.1	0.560	default 6
17f	4784.0	2304.0	1049.5	4278.5	1033.2	109.2	0.448	default 6
18a	1673.0	647.0	388.0	2204.2	61.0	18.6	0.094	default 6
18b	1096.0	370.0	117.0	1821.5	53.2	3.8	0.144	default 6
18c	1991.0	950.0	196.5	2753.3	279.5	15.5	0.294	default 6
19a	1860.0	1048.0	211.5	1959.7	58.6	6.9	0.056	default 10
19b	1184.0	681.0	138.0	1112.9	38.8	39.8	0.057	default 10
19c	1958.0	1445.0	155.0	2736.6	191.7	28.8	0.133	default 11
19d	2180.0	1647.0	465.5	3143.0	815.9	128.6	0.495	default 9
20a	2001.0	794.0	199.5	2340.6	154.9	158.8	0.195	default 10
20b	1534.0	826.0	80.0	1269.0	115.9	99.7	0.140	default 9
20c	1855.0	1090.0	108.5	3794.2	133.6	200.1	0.123	default 9
21a	409.0	185.0	195.5	2339.8	156.5	32.1	0.846	default 8
21b	603.0	145.0	38.0	3296.5	73.9	34.4	0.509	default 8
21c	337.0	155.0	13.5	2370.3	137.8	46.6	0.889	default 9
22a	866.0	543.0	77.5	1084.2	105.1	29.1	0.194	default 10
22b	686.0	349.0	45.5	889.5	92.9	31.2	0.266	default 10
22c	1304.0	1567.0	921.5	1210.2	158.2	25.3	0.101	default 10
22d	2561.0	1960.0	521.0	977.5	97.5	78.9	0.050	default 10
23a	739.0	479.0	150.0	600.5	32.6	42.1	0.068	default 11
23b	519.0	264.0	193.0	620.2	20.0	8.4	0.076	default 10
23c	818.0	458.0	55.5	557.6	31.5	6.5	0.069	default 11
24a	1688.0	946.0	328.0	2340.1	114.9	37.1	0.121	default 11
24b	1439.0	378.0	77.0	942.3	31.0	19.1	0.082	default 11
25a	3874.0	1011.0	528.0	2874.1	167.0	19.5	0.165	default 8
25b	1373.0	361.0	84.0	1225.6	24.6	3.0	0.068	default 8
25c	2808.0	1164.0	307.0	2876.6	235.9	89.9	0.203	default 8
26a	3089.0	1215.0	389.5	3671.8	87.9	34.8	0.072	default 11
26b	1662.0	507.0	103.0	2647.1	37.6	61.7	0.074	default 12
26c	2047.0	883.0	176.0	3277.3	114.0	72.1	0.129	default 12
27a	223.0	77.0	21.5	2015.6	57.2	34.5	0.744	default 11
27b	269.0	113.0	26.5	492.2	13.3	5.7	0.118	default 11
27c	189.0	82.0	9.0	1318.6	67.3	13.6	0.821	default 12
28a	1826.0	620.0	460.0	736.2	127.1	40.7	0.205	default 13
28b	1363.0	1434.0	610.5	677.1	71.7	17.8	0.050	default 13
28c	2202.0	871.0	132.0	835.1	104.7	20.7	0.120	default 13
29a	2116.0	1006.0	328.0	1111.3	52.4	9.0	0.052	default 16
29b	2062.0	919.0	267.5	999.9	40.8	9.3	0.044	default 16
29c	2417.0	1513.0	343.0	1642.8	61.4	10.6	0.041	default 16
30a	2862.0	1176.0	105.5	3013.0	305.1	53.7	0.259	default 11
30b	1458.0	721.0	78.0	1388.3	121.0	38.8	0.168	default 11
30c	2242.0	1223.0	370.0	2213.1	143.8	18.4	0.118	default 11
31a	2074.0	640.0	99.5	1998.4	63.7	40.4	0.100	default 10
31b	1530.0	633.0	176.0	1028.2	19.9	8.9	0.031	default 10
31c	2509.0	1501.0	420.0	2116.3	94.1	37.5	0.063	default 10
32a	189.0	72.0	26.5	96.5	2.4	5.1	0.033	default 5
32b	454.0	275.0	66.0	539.1	33.2	11.6	0.121	default 5
33a	293.0	173.0	11.5	339.8	16.4	3.7	0.095	default 13
33b	740.0	406.0	29.0	367.5	37.9	15.6	0.093	default 13
33c	515.0	207.0	49.0	354.8	14.7	8.4	0.071	default 13
total norule threads=6: duckdb 64367 ms, rudb 18481 ms, 3.48x, max per query ratio 1.844 (13d)
column aka_name.name: 112 parts, 0 on the table dictionary, 0 not on codes
column cast_info.note: 4470 parts, 4470 on the table dictionary, 0 not on codes
column char_name.name: 391 parts, 0 on the table dictionary, 0 not on codes
column comp_cast_type.kind: 1 parts, 1 on the table dictionary, 0 not on codes
column company_name.country_code: 29 parts, 29 on the table dictionary, 0 not on codes
column company_name.name: 29 parts, 0 on the table dictionary, 0 not on codes
column company_type.kind: 1 parts, 1 on the table dictionary, 0 not on codes
column info_type.info: 1 parts, 1 on the table dictionary, 0 not on codes
column keyword.keyword: 17 parts, 0 on the table dictionary, 0 not on codes
column kind_type.kind: 1 parts, 1 on the table dictionary, 0 not on codes
column link_type.link: 1 parts, 1 on the table dictionary, 0 not on codes
column movie_companies.note: 323 parts, 323 on the table dictionary, 0 not on codes
column movie_info.info: 1841 parts, 940 on the table dictionary, 0 not on codes
column movie_info.note: 1841 parts, 1841 on the table dictionary, 0 not on codes
column movie_info_idx.info: 170 parts, 170 on the table dictionary, 0 not on codes
column name.gender: 520 parts, 520 on the table dictionary, 0 not on codes
column name.name: 520 parts, 260 on the table dictionary, 0 not on codes
column name.name_pcode_cf: 520 parts, 520 on the table dictionary, 0 not on codes
column person_info.note: 372 parts, 372 on the table dictionary, 0 not on codes
column role_type.role: 1 parts, 1 on the table dictionary, 0 not on codes
column title.title: 315 parts, 315 on the table dictionary, 0 not on codes
pass     1 answers equal DuckDB: 
reported 2 hot total at most a tenth: 0.287
reported 3 every query at most a third: 1a 6f 7c 8a 8c 8d 9d 10a 10c 11a 11b 11c 11d 12b 13a 13d 14b 16b 16c 16d 17a 17b 17d 17e 17f 19d 21a 21b 21c 27a 27c
FAIL     4 no query slower: 7c 8d 9d 10c 13d 16b
pass     5 plans and answers identical across runs: 
pass     6 no file grew or appeared: 
FAIL     7 counter assertions: default in 1a 1b 1c 1d 2a 2b 2c 2d 3a 3b 3c 4a 4b 4c 5a 5b 5c 6a 6b 6c 6d 6e 6f 7a 7b 7c 8a 8b 8c 8d 9a 9b 9c 9d 10a 10b 10c 11a 11b 11c 11d 12a 12b 12c 13a 13b 13c 13d 14a 14b 14c 15a 15b 15c 15d 16a 16b 16c 16d 17a 17b 17c 17d 17e 17f 18a 18b 18c 19a 19b 19c 19d 20a 
pass     8 load no slower than DuckDB: rudb 57.5 s, duckdb 97.2 s
