duckdb loaded plain in 97.2 s, 2.38 GB
rudb loaded plain in 57.5 s, 2.19 GB
1a	252.0	108.0	11.5	253.4	6.0	1.7	0.056	ok
1b	116.0	47.0	27.0	200.2	6.0	3.6	0.128	ok
1c	176.0	65.0	17.0	183.8	4.3	3.7	0.067	ok
1d	126.0	52.0	37.0	198.7	3.7	1.8	0.071	ok
2a	585.0	265.0	56.5	636.3	26.1	5.3	0.098	ok
2b	530.0	271.0	66.5	760.6	17.5	1.5	0.065	ok
2c	180.0	80.0	13.5	175.7	4.7	3.2	0.059	ok
2d	501.0	251.0	13.0	557.9	32.2	17.9	0.128	ok
3a	1819.0	818.0	154.0	1428.9	36.3	17.5	0.044	ok
3b	1905.0	536.0	132.5	766.6	35.0	13.6	0.065	ok
3c	2081.0	1049.0	406.5	2276.3	80.5	52.7	0.077	ok
4a	747.0	502.0	129.5	495.4	21.8	5.2	0.043	ok
4b	415.0	183.0	102.5	593.6	12.1	5.8	0.066	ok
4c	1126.0	612.0	255.5	678.9	21.1	13.9	0.034	ok
5a	356.0	128.0	17.0	250.3	4.9	1.7	0.038	ok
5b	1980.0	660.0	131.5	196.0	9.5	4.5	0.014	ok
5c	1164.0	417.0	78.5	1456.6	30.6	20.8	0.073	ok
6a	1086.0	298.0	71.5	1218.7	11.1	7.7	0.037	ok
6b	470.0	362.0	86.5	930.6	22.3	3.9	0.061	ok
6c	929.0	425.0	102.5	614.4	10.7	5.6	0.025	ok
6d	1313.0	740.0	214.0	1449.1	60.9	13.6	0.082	ok
6e	1507.0	625.0	74.5	1329.0	17.3	6.8	0.028	ok
6f	3717.0	2140.0	341.0	2498.3	132.5	46.2	0.062	ok
7a	554.0	226.0	67.5	894.3	10.7	7.5	0.047	ok
7b	389.0	186.0	28.0	635.8	9.8	4.6	0.053	ok
7c	1936.0	1006.0	191.5	1672.2	105.0	38.1	0.104	ok
8a	681.0	316.0	92.5	1318.7	69.3	10.5	0.219	ok
8b	678.0	317.0	59.0	682.7	34.9	5.1	0.110	ok
8c	2504.0	2201.0	824.0	870.6	160.9	52.9	0.073	ok
8d	1242.0	812.0	188.0	558.2	55.2	8.8	0.068	ok
9a	1426.0	797.0	181.5	1926.2	137.3	38.1	0.172	ok
9b	1206.0	708.0	150.5	1822.8	78.4	18.1	0.111	ok
9c	1727.0	1065.0	192.5	2066.2	98.9	36.4	0.093	ok
9d	1689.0	1070.0	652.5	1483.0	123.3	24.4	0.115	ok
10a	742.0	240.0	56.0	1202.7	34.2	5.3	0.142	ok
10b	664.0	295.0	106.0	745.7	20.7	4.3	0.070	ok
10c	1292.0	717.0	104.0	857.3	97.8	11.3	0.136	ok
11a	183.0	89.0	28.5	210.3	4.2	0.9	0.047	ok
11b	136.0	57.0	15.5	172.1	3.7	0.7	0.065	ok
11c	250.0	131.0	31.5	216.0	10.5	3.0	0.081	ok
11d	337.0	166.0	25.5	277.5	10.4	2.7	0.062	ok
12a	436.0	219.0	62.5	679.7	29.8	6.6	0.136	ok
12b	466.0	303.0	51.5	225.8	5.3	3.8	0.017	ok
12c	506.0	281.0	40.5	557.6	37.2	4.5	0.132	ok
13a	360.0	235.0	44.0	687.8	36.5	9.6	0.155	ok
13b	640.0	207.0	32.5	498.8	40.0	1.6	0.193	ok
13c	351.0	194.0	27.0	335.9	22.1	11.0	0.114	ok
13d	407.0	261.0	26.0	612.0	74.0	15.6	0.284	ok
14a	443.0	269.0	17.0	507.9	21.4	4.8	0.079	ok
14b	214.0	113.0	22.0	460.5	18.3	3.4	0.162	ok
14c	500.0	248.0	47.5	419.5	33.7	33.3	0.136	ok
15a	372.0	188.0	79.0	442.7	39.7	9.1	0.211	ok
15b	600.0	161.0	35.0	484.3	11.3	1.2	0.070	ok
15c	473.0	381.0	47.0	480.6	35.6	14.3	0.094	ok
15d	513.0	327.0	15.0	375.5	25.6	5.5	0.078	ok
16a	1017.0	531.0	43.5	969.6	24.8	6.5	0.047	ok
16b	3325.0	3265.0	1001.5	2946.8	157.6	62.7	0.048	ok
16c	1564.0	843.0	97.0	2084.8	68.8	26.8	0.082	ok
16d	1234.0	730.0	142.0	2355.2	103.3	18.7	0.141	ok
17a	2382.0	1431.0	545.0	2609.1	138.5	28.3	0.097	ok
17b	3082.0	2505.0	621.0	2134.2	89.4	16.1	0.036	ok
17c	2828.0	1851.0	345.5	1114.1	35.3	13.7	0.019	ok
17d	2067.0	1959.0	540.0	2495.3	138.6	53.0	0.071	ok
17e	2456.0	1915.0	482.0	2012.5	109.5	25.1	0.057	ok
17f	4369.0	2731.0	452.5	2318.7	191.0	29.4	0.070	ok
18a	1867.0	918.0	236.0	2215.2	78.5	14.0	0.085	ok
18b	1316.0	576.0	138.5	1689.0	48.0	26.7	0.083	ok
18c	2011.0	1041.0	84.0	1615.4	96.9	49.8	0.093	ok
19a	1431.0	1142.0	112.0	1829.4	50.8	7.9	0.044	ok
19b	1152.0	600.0	117.0	828.9	34.0	6.8	0.057	ok
19c	1717.0	1329.0	159.0	1630.6	65.4	15.5	0.049	ok
19d	1457.0	1575.0	348.5	1478.9	84.0	25.5	0.053	ok
20a	2890.0	1171.0	654.0	4036.3	118.6	29.4	0.101	ok
20b	2070.0	1243.0	152.5	2675.2	134.1	69.8	0.108	ok
20c	2623.0	1305.0	232.0	4269.9	96.8	20.5	0.074	ok
21a	305.0	142.0	54.5	539.7	15.9	8.7	0.112	ok
21b	207.0	77.0	15.5	379.7	13.9	2.0	0.181	ok
21c	241.0	97.0	7.0	488.4	15.5	2.3	0.160	ok
22a	710.0	339.0	31.5	1168.2	51.6	13.3	0.152	ok
22b	964.0	530.0	167.0	1074.7	57.6	19.6	0.109	ok
22c	2129.0	1644.0	486.0	1432.6	102.9	9.2	0.063	ok
22d	5493.0	3213.0	590.0	1429.4	78.6	29.2	0.024	ok
23a	1806.0	1019.0	384.0	831.7	34.3	9.9	0.034	ok
23b	991.0	325.0	195.0	632.3	17.5	10.0	0.054	ok
23c	594.0	719.0	334.0	795.9	21.6	10.0	0.030	ok
24a	3064.0	1056.0	181.5	3495.1	196.7	88.7	0.186	ok
24b	1837.0	569.0	110.5	1810.6	56.3	3.8	0.099	ok
25a	1340.0	694.0	281.0	2315.8	77.7	24.1	0.112	ok
25b	1168.0	544.0	66.5	1260.9	49.0	16.5	0.090	ok
25c	3263.0	1057.0	412.0	2333.8	109.7	15.3	0.104	ok
26a	2265.0	843.0	293.0	3458.0	89.8	14.6	0.107	ok
26b	1483.0	603.0	35.5	1734.6	31.9	10.1	0.053	ok
26c	2259.0	1135.0	252.0	2687.3	80.8	9.0	0.071	ok
27a	372.0	123.0	65.0	487.1	9.8	4.8	0.080	ok
27b	253.0	132.0	63.0	637.6	10.1	5.4	0.076	ok
27c	542.0	144.0	45.0	718.9	30.5	9.3	0.212	ok
28a	2856.0	1502.0	127.0	787.9	31.3	10.8	0.021	ok
28b	2030.0	1033.0	135.0	677.0	40.3	16.7	0.039	ok
28c	3207.0	1588.0	231.0	1104.0	49.5	17.3	0.031	ok
29a	1161.0	567.0	81.5	1080.6	27.1	9.7	0.048	ok
29b	1529.0	553.0	101.5	1008.6	28.1	13.3	0.051	ok
29c	1966.0	889.0	121.0	2225.5	63.0	20.1	0.071	ok
30a	1660.0	761.0	96.5	1818.3	59.5	12.1	0.078	ok
30b	1155.0	572.0	102.0	976.2	29.2	14.7	0.051	ok
30c	1759.0	931.0	89.0	2180.1	102.8	89.8	0.110	ok
31a	2084.0	841.0	218.0	2790.9	66.7	16.4	0.079	ok
31b	1618.0	757.0	216.5	1780.0	39.0	18.9	0.052	ok
31c	2532.0	1465.0	178.0	2367.2	64.7	6.8	0.044	ok
32a	99.0	48.0	11.0	102.9	1.9	0.3	0.040	ok
32b	361.0	222.0	50.5	279.8	16.9	10.4	0.076	ok
33a	296.0	115.0	36.0	270.0	12.9	10.1	0.112	ok
33b	479.0	244.0	73.5	289.5	17.5	5.2	0.072	ok
33c	418.0	162.0	24.0	263.2	11.6	4.8	0.071	ok
total plain threads=6: duckdb 80336 ms, rudb 5780 ms, 13.90x, max per query ratio 0.284 (13d)
column aka_name.name: 112 parts, 0 on the table dictionary, 0 not on codes
column cast_info.note: 4470 parts, 4470 on the table dictionary, 0 not on codes
column char_name.name: 391 parts, 0 on the table dictionary, 0 not on codes
column comp_cast_type.kind: 1 parts, 1 on the table dictionary, 0 not on codes
column company_name.country_code: 29 parts, 29 on the table dictionary, 0 not on codes
column company_name.name: 29 parts, 0 on the table dictionary, 0 not on codes
column company_type.kind: 1 parts, 1 on the table dictionary, 0 not on codes
column info_type.info: 1 parts, 1 on the table dictionary, 0 not on codes
column keyword.keyword: 17 parts, 0 on the table dictionary, 0 not on codes
column kind_type.kind: 1 parts, 1 on the table dictionary, 0 not on codes
column link_type.link: 1 parts, 1 on the table dictionary, 0 not on codes
column movie_companies.note: 323 parts, 323 on the table dictionary, 0 not on codes
column movie_info.info: 1841 parts, 940 on the table dictionary, 0 not on codes
column movie_info.note: 1841 parts, 1841 on the table dictionary, 0 not on codes
column movie_info_idx.info: 170 parts, 170 on the table dictionary, 0 not on codes
column name.gender: 520 parts, 520 on the table dictionary, 0 not on codes
column name.name: 520 parts, 260 on the table dictionary, 0 not on codes
column name.name_pcode_cf: 520 parts, 520 on the table dictionary, 0 not on codes
column person_info.note: 372 parts, 372 on the table dictionary, 0 not on codes
column role_type.role: 1 parts, 1 on the table dictionary, 0 not on codes
column title.title: 315 parts, 315 on the table dictionary, 0 not on codes
pass     1 answers equal DuckDB: 
pass     2 hot total at most a tenth: 0.072
pass     3 every query at most a third: 
pass     4 no query slower: 
pass     5 plans and answers identical across runs: 
pass     6 no file grew or appeared: 
pass     7 counter assertions: no default, 113 reductions all dense, 21 filter columns on codes
pass     8 load no slower than DuckDB: rudb 57.5 s, duckdb 97.2 s
